// Jest Snapshot v1, https://goo.gl/fbAQLP

exports[`HighlightedMenuOption renders text with highlight if text was found 1`] = `
Array [
  "",
  <span
    className="highlight undefined"
  >
    Lazy Fox
  </span>,
  " Hiding",
]
`;

exports[`HighlightedMenuOption renders text without highlights if no match found 1`] = `"Some Text"`;
